// Jest Snapshot v1, https://goo.gl/fbAQLP

exports[`Game should render 1`] = `
<View
  style={
    Array [
      Object {
        "backgroundColor": "#B3EFFF",
      },
      Object {
        "flex": 1,
        "justifyContent": "center",
      },
    ]
  }
>
  <View
    collapsable={false}
    onGestureHandlerEvent={[Function]}
    onGestureHandlerStateChange={[Function]}
    style={
      Object {
        "flex": 1,
        "height": "100%",
      }
    }
  >
    <Text
      style={
        Array [
          Object {
            "color": "#000",
          },
          undefined,
        ]
      }
    >
      Type: 
      -1
    </Text>
    <Text
      style={
        Array [
          Object {
            "color": "#000",
          },
          undefined,
        ]
      }
    >
      Time: 
      -1
    </Text>
  </View>
</View>
`;
