// Jest Snapshot v1, https://goo.gl/fbAQLP

exports[`Game should render 1`] = `
<View
  style={
    Array [
      Object {
        "backgroundColor": "#B3EFFF",
      },
      Object {
        "flex": 1,
        "justifyContent": "center",
      },
    ]
  }
>
  <Text
    style={
      Array [
        Object {
          "color": "#000",
        },
        undefined,
      ]
    }
  >
    In Progress!
  </Text>
</View>
`;
