// Jest Snapshot v1, https://goo.gl/fbAQLP

exports[`Home should render 1`] = `
<RCTSafeAreaView
  emulateUnlessSupported={true}
  style={
    Array [
      Object {
        "backgroundColor": "#e1f3f8",
      },
      Object {
        "alignItems": "center",
        "flex": 1,
        "justifyContent": "center",
      },
    ]
  }
>
  <View
    style={
      Array [
        Object {
          "backgroundColor": "#e1f3f8",
        },
        Object {
          "alignItems": "center",
          "flex": 1,
          "justifyContent": "center",
        },
      ]
    }
  >
    <Text
      style={
        Array [
          Object {
            "color": "#212121",
          },
          undefined,
        ]
      }
    >
      Reactional!
    </Text>
    <Text
      style={
        Array [
          Object {
            "color": "#212121",
          },
          undefined,
        ]
      }
    >
      An accessible, open-source game about reactions
    </Text>
    <Text
      style={
        Array [
          Object {
            "color": "#212121",
          },
          undefined,
        ]
      }
    >
      Meant for learning, guiding, and enjoyment
    </Text>
  </View>
</RCTSafeAreaView>
`;
