// Jest Snapshot v1, https://goo.gl/fbAQLP

exports[`Screen View should wrap children in a screen container 1`] = `
<View
  style={
    Array [
      Object {
        "backgroundColor": "#B3EFFF",
      },
      Object {
        "flex": 1,
        "justifyContent": "center",
      },
    ]
  }
>
  <Text>
    Howdy Ho!
  </Text>
</View>
`;
