// Jest Snapshot v1, https://goo.gl/fbAQLP

exports[`Screen View should wrap children in a screen container 1`] = `
<RCTSafeAreaView
  emulateUnlessSupported={true}
  style={
    Array [
      Object {
        "backgroundColor": "#e1f3f8",
      },
      Object {
        "alignItems": "center",
        "flex": 1,
        "justifyContent": "center",
      },
    ]
  }
>
  <View
    style={
      Array [
        Object {
          "backgroundColor": "#e1f3f8",
        },
        Object {
          "alignItems": "center",
          "flex": 1,
          "justifyContent": "center",
        },
      ]
    }
  >
    <Text>
      Howdy Ho!
    </Text>
  </View>
</RCTSafeAreaView>
`;
