// Jest Snapshot v1, https://goo.gl/fbAQLP

exports[`withSchemedStyle should wrap a component with a scheme driven style 1`] = `
<View
  style={
    Array [
      Object {
        "backgroundColor": "transparent",
      },
      Object {
        "color": "blue",
      },
    ]
  }
  testId="A Test"
/>
`;
