// Jest Snapshot v1, https://goo.gl/fbAQLP

exports[`withSchemedNav should wrap a nav stack with scheming params 1`] = `
Object {
  "headerStyle": Object {
    "backgroundColor": "#00CFFF",
  },
  "headerTintColor": "#000",
  "headerTitleStyle": Object {
    "fontWeight": "bold",
  },
}
`;

exports[`withSchemedNav should wrap a nav stack with scheming params 2`] = `
<RNCAppearanceProvider
  style={
    Object {
      "flex": 1,
    }
  }
>
  <View />
</RNCAppearanceProvider>
`;

exports[`withSchemedStyle should wrap a component with a scheme driven style 1`] = `
<View
  style={
    Array [
      Object {
        "backgroundColor": "transparent",
      },
      Object {
        "color": "blue",
      },
    ]
  }
  testId="A Test"
/>
`;
